[37m2024-06-04 16:20:37,933[0;39m [34mINFO [0;39m [[34mbackground-preinit[0;39m] RID: no UID: no [33mo.h.v.i.u.Version[0;39m: HV000001: Hibernate Validator 8.0.1.Final
[37m2024-06-04 16:20:37,961[0;39m [34mINFO [0;39m [[34mmain[0;39m] RID: no UID: no [33mo.s.b.StartupInfoLogger[0;39m: Starting PlatformApplicationKt using Java 17.0.11 with PID 928237 (/home/maria/sex-it/backend/services/platform/build/classes/kotlin/main started by maria in /home/maria/sex-it/backend)
[37m2024-06-04 16:20:37,962[0;39m [34mINFO [0;39m [[34mmain[0;39m] RID: no UID: no [33mo.s.b.SpringApplication[0;39m: No active profile set, falling back to 1 default profile: "default"
[37m2024-06-04 16:20:38,924[0;39m [34mINFO [0;39m [[34mmain[0;39m] RID: no UID: no [33mo.s.d.r.c.RepositoryConfigurationDelegate[0;39m: Bootstrapping Spring Data JPA repositories in DEFAULT mode.
[37m2024-06-04 16:20:39,041[0;39m [34mINFO [0;39m [[34mmain[0;39m] RID: no UID: no [33mo.s.d.r.c.RepositoryConfigurationDelegate[0;39m: Finished Spring Data repository scanning in 92 ms. Found 5 JPA repository interfaces.
[37m2024-06-04 16:20:39,615[0;39m [31mWARN [0;39m [[34mmain[0;39m] RID: no UID: no [33mi.u.w.j.Bootstrap[0;39m: UT026010: Buffer pool was not set on WebSocketDeploymentInfo, the default pool will be used
[37m2024-06-04 16:20:39,632[0;39m [34mINFO [0;39m [[34mmain[0;39m] RID: no UID: no [33mi.u.s.s.ServletContextImpl[0;39m: Initializing Spring embedded WebApplicationContext
[37m2024-06-04 16:20:39,633[0;39m [34mINFO [0;39m [[34mmain[0;39m] RID: no UID: no [33mo.s.b.w.s.c.ServletWebServerApplicationContext[0;39m: Root WebApplicationContext: initialization completed in 1618 ms
[37m2024-06-04 16:20:39,714[0;39m [31mWARN [0;39m [[34mmain[0;39m] RID: no UID: no [33mo.s.c.s.AbstractApplicationContext[0;39m: Exception encountered during context initialization - cancelling refresh attempt: org.springframework.beans.factory.BeanCreationException: Error creating bean with name 'liquibase' defined in class path resource [org/springframework/boot/autoconfigure/liquibase/LiquibaseAutoConfiguration$LiquibaseConfiguration.class]: Failed to instantiate [liquibase.integration.spring.SpringLiquibase]: Factory method 'liquibase' threw exception with message: Error creating bean with name 'dataSource' defined in class path resource [org/springframework/boot/autoconfigure/jdbc/DataSourceConfiguration$Hikari.class]: Failed to instantiate [com.zaxxer.hikari.HikariDataSource]: Factory method 'dataSource' threw exception with message: Failed to determine a suitable driver class
[37m2024-06-04 16:20:39,725[0;39m [34mINFO [0;39m [[34mmain[0;39m] RID: no UID: no [33mo.s.b.a.l.ConditionEvaluationReportLogger[0;39m: 

Error starting ApplicationContext. To display the condition evaluation report re-run your application with 'debug' enabled.
[37m2024-06-04 16:20:39,739[0;39m [1;31mERROR[0;39m [[34mmain[0;39m] RID: no UID: no [33mo.s.b.d.LoggingFailureAnalysisReporter[0;39m: 

***************************
APPLICATION FAILED TO START
***************************

Description:

Failed to configure a DataSource: 'url' attribute is not specified and no embedded datasource could be configured.

Reason: Failed to determine a suitable driver class


Action:

Consider the following:
	If you want an embedded database (H2, HSQL or Derby), please put it on the classpath.
	If you have database settings to be loaded from a particular profile you may need to activate it (no profiles are currently active).

